Starting Pass 1...
Pass 1 complete. Found 1 labels.
Label: start      -> Address: 0
Starting pass 2....
Assembly complete. Generated test.obj and test.lst
Successfully loaded 3 instruction words into memory.
Starting execution...

--- Execution Halted ---
Final CPU State:
A:  0000000F (15)
B:  00000000 (0)
PC: 00000003 (3)
SP: 00001FFF (8191)
Writing complete memory dump to 'test_dump.lst'...
Memory dump saved successfully!
